// Jest Snapshot v1, https://goo.gl/fbAQLP

exports[`FileRenderer.vue should render component and match snapshot 1`] = `
<div data-app="true"
     class="v-application v-application--is-ltr theme--light"
     id="app"
>
  <div class="v-application--wrap">
    <div id="#"
         class="control"
         appliedoptions="[object Object]"
         description="File with maximum size of 1MB encoded as data URI and including the file name"
         errors="must be string"
         label="Image File"
    >
      <div class="v-input v-input--has-state theme--light v-text-field v-text-field--placeholder v-file-input error--text input">
        <div class="v-input__prepend-outer">
          <div class="v-input__icon v-input__icon--prepend">
            <button type="button"
                    aria-label="prepend icon"
                    class="v-icon notranslate v-icon--link mdi mdi-paperclip theme--light error--text"
            >
            </button>
          </div>
        </div>
        <div class="v-input__control">
          <div class="v-input__slot">
            <div class="v-text-field__slot">
              <label for="#-input"
                     class="v-label theme--light error--text"
                     style="left: 0px; position: absolute;"
              >
                Image File
              </label>
              <div class="v-file-input__text v-file-input__text--placeholder">
              </div>
              <input accept="image/*"
                     id="#-input"
                     type="file"
              >
            </div>
          </div>
          <div class="v-text-field__details">
            <div class="v-messages theme--light error--text"
                 role="alert"
            >
              <transition-group-stub tag="div"
                                     name="message-transition"
                                     class="v-messages__wrapper"
              >
                <div class="v-messages__message">
                  must be string
                </div>
              </transition-group-stub>
            </div>
          </div>
        </div>
      </div>
      <div class="v-dialog__container">
      </div>
    </div>
  </div>
</div>
`;
